[schoolable.wixsite.com/schoolgames/index.html]
[www.wix.com/favicon.ico]
[static.parastorage.com/unpkg/core-js-bundle@3.2.1/minified.js]
[static.parastorage.com/unpkg/focus-within-polyfill@5.0.9/dist/focus-within-polyfill.js]
[backblue.gif]
[fade.gif]
[index.html]
[polyfill.io/v3/polyfill.mind82c.js]
[schoolable.wixsite.com/schoolgames/47b73115.min.css]
[schoolable.wixsite.com/schoolgames/1a3ca2ee.min.css]
[schoolable.wixsite.com/schoolgames/16e44c05.min.css]
[schoolable.wixsite.com/schoolgames/6ac53ab7.min.css]
[schoolable.wixsite.com/schoolgames/02595569.min.css]
[schoolable.wixsite.com/schoolgames/e5861f41.min.css]
[schoolable.wixsite.com/schoolgames/c53e42d7.min.css]
[schoolable.wixsite.com/schoolgames/da6c52cb.min.css]
[schoolable.wixsite.com/schoolgames/3d2759f7.min.css]
[schoolable.wixsite.com/schoolgames/960c3a88.min.css]
[schoolable.wixsite.com/schoolgames/390543ac.min.css]
[schoolable.wixsite.com/schoolgames/2f9aeb85.min.css]
[schoolable.wixsite.com/schoolgames/f36661fb.min.css]
[schoolable.wixsite.com/schoolgames/aa613bd1.min.css]
[schoolable.wixsite.com/schoolgames/395efea1.min.css]
[schoolable.wixsite.com/schoolgames/6daaad8b.min.css]
[schoolable.wixsite.com/schoolgames/bf91693c.min.css]
[schoolable.wixsite.com/schoolgames/b4ae8803.min.css]
[schoolable.wixsite.com/schoolgames/62ccedec.min.css]
[schoolable.wixsite.com/schoolgames/ae08c227.min.css]
[schoolable.wixsite.com/schoolgames/11f27093.min.css]
[schoolable.wixsite.com/schoolgames/9b155e90.min.css]
[schoolable.wixsite.com/schoolgames/4ec2545d.min.css]
[schoolable.wixsite.com/schoolgames/1bbe301d.min.css]
[schoolable.wixsite.com/schoolgames/e78a13b3.min.css]
[schoolable.wixsite.com/schoolgames/b604fd33.min.css]
[schoolable.wixsite.com/schoolgames/48c6d58d.min.css]
[schoolable.wixsite.com/schoolgames/439c90c8.min.css]
[schoolable.wixsite.com/schoolgames/cd69f57c.min.css]
[schoolable.wixsite.com/schoolgames/bc223d50.min.css]
[schoolable.wixsite.com/schoolgames/bc2466c0.min.css]
[schoolable.wixsite.com/schoolgames/5d7b6bbf.min.css]
[schoolable.wixsite.com/schoolgames/3fdab364.min.css]
[schoolable.wixsite.com/schoolgames/20d93486.min.css]
[schoolable.wixsite.com/schoolgames/9692b4a8.min.css]
[schoolable.wixsite.com/schoolgames/914012ea.min.css]
[schoolable.wixsite.com/schoolgames/ffa0eb8f.min.css]
[schoolable.wixsite.com/schoolgames/fe8be6d6.min.css]
[schoolable.wixsite.com/schoolgames/a28cca36.min.css]
[schoolable.wixsite.com/schoolgames/02b07b80.min.css]
[schoolable.wixsite.com/schoolgames/265e9a4a.min.css]
[schoolable.wixsite.com/schoolgames/ff342417.min.css]
[schoolable.wixsite.com/schoolgames/2a1582d7.min.css]
[schoolable.wixsite.com/schoolgames/eb321d93.min.css]
[schoolable.wixsite.com/schoolgames/06cfef68.min.css]
[schoolable.wixsite.com/schoolgames/49a18e23.min.css]
[schoolable.wixsite.com/schoolgames/2467b183.min.css]
[schoolable.wixsite.com/schoolgames/f9fd7cbe.min.css]
[schoolable.wixsite.com/schoolgames/e142d0f4.min.css]
[schoolable.wixsite.com/schoolgames/96a73741.min.css]
[schoolable.wixsite.com/schoolgames/4c758e80.min.css]
[schoolable.wixsite.com/schoolgames/44b62fdc.min.css]
[schoolable.wixsite.com/schoolgames/7f8c7c3e.min.css]
[schoolable.wixsite.com/schoolgames/fbbc0ea4.min.css]
[schoolable.wixsite.com/schoolgames/5d29307d.min.css]
[schoolable.wixsite.com/schoolgames/85af43ab.min.css]
[schoolable.wixsite.com/schoolgames/7010eb60.min.css]
[schoolable.wixsite.com/schoolgames/566bec70.min.css]
[schoolable.wixsite.com/schoolgames/fc40122e.min.css]
[schoolable.wixsite.com/schoolgames/45242c23.min.css]
[schoolable.wixsite.com/schoolgames/0efca64c.min.css]
[schoolable.wixsite.com/schoolgames/42ccdc69.min.css]
[schoolable.wixsite.com/schoolgames/4ea3b970.min.css]
[schoolable.wixsite.com/schoolgames/0ee85551.min.css]
[schoolable.wixsite.com/schoolgames/085f85ee.min.css]
[schoolable.wixsite.com/schoolgames/fc21aae5.min.css]
[schoolable.wixsite.com/schoolgames/641eb53d.min.css]
[schoolable.wixsite.com/schoolgames/cabcae51.min.css]
[schoolable.wixsite.com/schoolgames/b66c178d.min.css]
[schoolable.wixsite.com/schoolgames/c7fdedca.min.css]
[schoolable.wixsite.com/schoolgames/ce9dcea4.min.css]
[schoolable.wixsite.com/schoolgames/bc497b45.min.css]
[schoolable.wixsite.com/schoolgames/2acb415c.min.css]
[schoolable.wixsite.com/schoolgames/7d6cd51b.min.css]
[schoolable.wixsite.com/schoolgames/16e57088.min.css]
[schoolable.wixsite.com/schoolgames/0a1c073a.min.css]
[schoolable.wixsite.com/schoolgames/1ac8fc0f.min.css]
[schoolable.wixsite.com/schoolgames/e5d84163.min.css]
[schoolable.wixsite.com/schoolgames/d5f023bb.min.css]
[schoolable.wixsite.com/schoolgames/d820de38.min.css]
[schoolable.wixsite.com/schoolgames/012dc85e.min.css]
[schoolable.wixsite.com/schoolgames/9d29a199.min.css]
[schoolable.wixsite.com/schoolgames/381ee71b.min.css]
[schoolable.wixsite.com/schoolgames/bf413556.min.css]
[schoolable.wixsite.com/schoolgames/316080a6.min.css]
[schoolable.wixsite.com/schoolgames/51a9742f.min.css]
[schoolable.wixsite.com/schoolgames/bf732f1f.min.css]
[schoolable.wixsite.com/schoolgames/99f4b3eb.min.css]
[schoolable.wixsite.com/schoolgames/a545d558.min.css]
[schoolable.wixsite.com/schoolgames/76eac8fb.min.css]
[schoolable.wixsite.com/schoolgames/5346ce3f.min.css]
[schoolable.wixsite.com/schoolgames/f658a9c4.min.css]
[schoolable.wixsite.com/schoolgames/7c9ceb1e.min.css]
[schoolable.wixsite.com/schoolgames/aa72298b.min.css]
[schoolable.wixsite.com/schoolgames/6ea2cb1c.min.css]
[schoolable.wixsite.com/schoolgames/a9c2732c.min.css]
[schoolable.wixsite.com/schoolgames/93e61b80.min.css]
[schoolable.wixsite.com/schoolgames/4bbd8d4f.min.css]
[schoolable.wixsite.com/schoolgames/f4297adc.min.css]
[schoolable.wixsite.com/schoolgames/f3af5621.min.67.delayed]
[schoolable.wixsite.com/schoolgames/23167c06.min.css]
[schoolable.wixsite.com/schoolgames/4c919285.min.css]
[schoolable.wixsite.com/schoolgames/99e902d9.min.css]
[schoolable.wixsite.com/schoolgames/7761d6fc.min.css]
[schoolable.wixsite.com/schoolgames/164e68d9.min.css]
[schoolable.wixsite.com/schoolgames/40e5d5cf.min.css]
[schoolable.wixsite.com/schoolgames/7c602eb2.min.css]
[schoolable.wixsite.com/schoolgames/6b4c7217.min.css]
[schoolable.wixsite.com/schoolgames/5b26625f.min.css]
[schoolable.wixsite.com/schoolgames/2e327647.min.css]
[schoolable.wixsite.com/schoolgames/4a6a7fc9.min.css]
[schoolable.wixsite.com/schoolgames/f52e40aa.min.css]
[schoolable.wixsite.com/schoolgames/29ef3ea9.min.css]
[schoolable.wixsite.com/schoolgames/8a33f286.min.css]
[schoolable.wixsite.com/schoolgames/a1e4335b.min.css]
[schoolable.wixsite.com/schoolgames/67b7c77e.min.css]
[schoolable.wixsite.com/schoolgames/b8760986.min.css]
[schoolable.wixsite.com/schoolgames/37bd0eeb.min.css]
[schoolable.wixsite.com/schoolgames/8d04f72e.min.css]
[schoolable.wixsite.com/schoolgames/84c587cd.min.css]
[schoolable.wixsite.com/schoolgames/ba7d2620.min.css]
[schoolable.wixsite.com/schoolgames/41f1fa78.min.css]
[schoolable.wixsite.com/schoolgames/3e581339.min.css]
[schoolable.wixsite.com/schoolgames/a2f0f523.min.css]
[schoolable.wixsite.com/schoolgames/86aca973.min.css]
[schoolable.wixsite.com/schoolgames/7c1692b1.min.css]
[schoolable.wixsite.com/schoolgames/8005d5c1.min.css]
[schoolable.wixsite.com/schoolgames/0e20a470.min.css]
[schoolable.wixsite.com/schoolgames/c9b5bd15.min.css]
[schoolable.wixsite.com/schoolgames/8c688a9d.min.css]
[schoolable.wixsite.com/schoolgames/6b1e299b.min.css]
[schoolable.wixsite.com/schoolgames/11d68990.min.css]
[schoolable.wixsite.com/schoolgames/3f166307.min.css]
[schoolable.wixsite.com/schoolgames/1355ec40.min.css]
[schoolable.wixsite.com/schoolgames/48220e7a.min.css]
[schoolable.wixsite.com/schoolgames/eca71e40.min.css]
[schoolable.wixsite.com/schoolgames/024f5250.min.css]
[schoolable.wixsite.com/schoolgames/54e8ad37.min.css]
[schoolable.wixsite.com/schoolgames/c79634ce.min.css]
[schoolable.wixsite.com/schoolgames/036d1c2c.min.css]
[schoolable.wixsite.com/schoolgames/04c30725.min.css]
[schoolable.wixsite.com/schoolgames/685dda1c.min.css]
[schoolable.wixsite.com/schoolgames/ad3a6151.min.css]
[schoolable.wixsite.com/schoolgames/b43bc41a.min.css]
[schoolable.wixsite.com/schoolgames/aff3efe3.min.css]
[schoolable.wixsite.com/schoolgames/44306cc3.min.css]
[schoolable.wixsite.com/schoolgames/f08a1c03.min.css]
[schoolable.wixsite.com/schoolgames/6818c64c.min.css]
[schoolable.wixsite.com/schoolgames/4fa4a352.min.css]
[schoolable.wixsite.com/schoolgames/97d7cd97.min.css]
[schoolable.wixsite.com/schoolgames/a1e76019.min.css]
[schoolable.wixsite.com/schoolgames/b4bc6361.min.css]
[schoolable.wixsite.com/schoolgames/9eed3e82.min.css]
[schoolable.wixsite.com/schoolgames/ce776e38.min.css]
[schoolable.wixsite.com/schoolgames/4a43b954.min.css]
[schoolable.wixsite.com/schoolgames/799d016a.min.css]
[schoolable.wixsite.com/schoolgames/c434348a.min.css]
[schoolable.wixsite.com/schoolgames/4038e1e2.min.css]
[schoolable.wixsite.com/schoolgames/c24f5e69.min.css]
[schoolable.wixsite.com/schoolgames/8ab00128.min.css]
[schoolable.wixsite.com/schoolgames/45eee88d.min.css]
[schoolable.wixsite.com/schoolgames/7df86004.min.css]
[schoolable.wixsite.com/schoolgames/145b5660.min.css]
[schoolable.wixsite.com/schoolgames/3e624017.min.css]
[schoolable.wixsite.com/schoolgames/eb810a4a.min.css]
[schoolable.wixsite.com/schoolgames/81ed76c3.min.css]
[schoolable.wixsite.com/schoolgames/6fe867cc.min.css]
[schoolable.wixsite.com/schoolgames/d1f9c7e6.min.css]
[schoolable.wixsite.com/schoolgames/34377b4a.min.css]
[schoolable.wixsite.com/schoolgames/36c7b16b.min.css]
[schoolable.wixsite.com/schoolgames/b0da3a19.min.css]
[schoolable.wixsite.com/schoolgames/70e8afa8.min.css]
[schoolable.wixsite.com/schoolgames/9c39b1d1.min.css]
[schoolable.wixsite.com/schoolgames/59f9faa0.min.css]
[schoolable.wixsite.com/schoolgames/b92ba9ff.min.css]
[schoolable.wixsite.com/schoolgames/91e61dab.min.css]
[schoolable.wixsite.com/schoolgames/41f245d4.min.css]
[schoolable.wixsite.com/schoolgames/e24e08e7.min.css]
[schoolable.wixsite.com/schoolgames/a86a8070.min.css]
[schoolable.wixsite.com/schoolgames/65997748.min.css]
[schoolable.wixsite.com/schoolgames/13eb5276.min.css]
[schoolable.wixsite.com/schoolgames/2978359e.min.css]
[schoolable.wixsite.com/schoolgames/4b1f6567.min.css]
[schoolable.wixsite.com/schoolgames/4e6fba8d.min.css]
[schoolable.wixsite.com/schoolgames/883064bf.min.css]
[schoolable.wixsite.com/schoolgames/55fd4990.min.css]
[schoolable.wixsite.com/schoolgames/882dfccd.min.css]
[schoolable.wixsite.com/schoolgames/70efe3c5.min.css]
[schoolable.wixsite.com/schoolgames/6d011635.min.css]
[schoolable.wixsite.com/schoolgames/af38aead.min.css]
[schoolable.wixsite.com/schoolgames/39cfb47d.min.css]
[schoolable.wixsite.com/schoolgames/1a1f2ab9.min.css]
[schoolable.wixsite.com/schoolgames/5ed4e092.min.css]
[schoolable.wixsite.com/schoolgames/75512b1a.min.css]
[schoolable.wixsite.com/schoolgames/2a38244f.min.css]
[schoolable.wixsite.com/schoolgames/837e8139.min.css]
[schoolable.wixsite.com/schoolgames/f8ec65c6.min.css]
[schoolable.wixsite.com/schoolgames/913e0517.min.css]
[schoolable.wixsite.com/schoolgames/2ce475e3.min.css]
[schoolable.wixsite.com/schoolgames/96f4b814.min.cb.delayed]
[schoolable.wixsite.com/schoolgames/efcd8729.min.css]
[schoolable.wixsite.com/schoolgames/0ebb4539.min.css]
[schoolable.wixsite.com/schoolgames/c9371416.min.css]
[schoolable.wixsite.com/schoolgames/84fca3f0.min.css]
[schoolable.wixsite.com/schoolgames/44b60e9d.min.css]
[schoolable.wixsite.com/schoolgames/48e483a5.min.css]
[schoolable.wixsite.com/schoolgames/100a01ba.min.css]
[schoolable.wixsite.com/schoolgames/dba31346.min.css]
[schoolable.wixsite.com/schoolgames/5a61fee8.min.css]
[schoolable.wixsite.com/schoolgames/6010b816.min.css]
[schoolable.wixsite.com/schoolgames/99e9084d.min.css]
[schoolable.wixsite.com/schoolgames/39cdb6e7.min.css]
[schoolable.wixsite.com/schoolgames/98f5e34d.min.css]
[schoolable.wixsite.com/schoolgames/4bd62377.min.css]
[schoolable.wixsite.com/schoolgames/f6b4449f.min.css]
[schoolable.wixsite.com/schoolgames/692d3cfd.min.css]
[schoolable.wixsite.com/schoolgames/dda10bbb.min.css]
[schoolable.wixsite.com/schoolgames/826aa068.min.css]
[schoolable.wixsite.com/schoolgames/71561e01.min.css]
[schoolable.wixsite.com/schoolgames/2aa93db9.min.css]
[schoolable.wixsite.com/schoolgames/ac1f0c83.min.css]
[schoolable.wixsite.com/schoolgames/3fc3aa14.min.css]
[schoolable.wixsite.com/schoolgames/eed9660c.min.css]
[schoolable.wixsite.com/schoolgames/e98ddd9c.min.css]
[schoolable.wixsite.com/schoolgames/9f54505f.min.css]
[schoolable.wixsite.com/schoolgames/82a3c6bd.min.css]
[schoolable.wixsite.com/schoolgames/959e5e9e.min.css]
[schoolable.wixsite.com/schoolgames/c6933345.min.css]
[schoolable.wixsite.com/schoolgames/7ac66a81.min.css]
[schoolable.wixsite.com/schoolgames/7f6e9aff.min.css]
[schoolable.wixsite.com/schoolgames/7197ceeb.min.css]
[schoolable.wixsite.com/schoolgames/4d761874.min.css]
[schoolable.wixsite.com/schoolgames/57ee110f.min.css]
[schoolable.wixsite.com/schoolgames/723e4fed.min.css]
[schoolable.wixsite.com/schoolgames/7d0d5475.min.css]
[schoolable.wixsite.com/schoolgames/d9e9ecf4.min.css]
[schoolable.wixsite.com/schoolgames/4d71157d.min.css]
[schoolable.wixsite.com/schoolgames/30611ad6.min.css]
[schoolable.wixsite.com/schoolgames/3107aee2.min.css]
[schoolable.wixsite.com/schoolgames/add763df.min.css]
[schoolable.wixsite.com/schoolgames/20a005d9.min.css]
[schoolable.wixsite.com/schoolgames/f12c724d.min.css]
[schoolable.wixsite.com/schoolgames/767a7565.min.css]
[schoolable.wixsite.com/schoolgames/6dd0b2ab.min.css]
[schoolable.wixsite.com/schoolgames/60e6c2a9.min.css]
[schoolable.wixsite.com/schoolgames/6bd04466.min.css]
[schoolable.wixsite.com/schoolgames/e356d735.min.css]
[schoolable.wixsite.com/schoolgames/1fef0d1f.min.css]
[schoolable.wixsite.com/schoolgames/4e9ee1a3.min.css]
[schoolable.wixsite.com/schoolgames/8845e14b.min.css]
[schoolable.wixsite.com/schoolgames/a7d5ac4b.min.css]
[schoolable.wixsite.com/schoolgames/015a530e.min.css]
[schoolable.wixsite.com/schoolgames/b6e3e82f.min.css]
[schoolable.wixsite.com/schoolgames/731d5bce.min.css]
[schoolable.wixsite.com/schoolgames/c61ac2b6.min.css]
[schoolable.wixsite.com/schoolgames/c9d89f77.min.css]
[schoolable.wixsite.com/schoolgames/77753e29.min.css]
[schoolable.wixsite.com/schoolgames/2a3ba4df.min.css]
[schoolable.wixsite.com/schoolgames/1150efce.min.css]
[schoolable.wixsite.com/schoolgames/dbfd66d7.min.css]
[schoolable.wixsite.com/schoolgames/e1813de1.min.css]
[schoolable.wixsite.com/schoolgames/34b72cf9.min.css]
[schoolable.wixsite.com/schoolgames/5d684912.min.css]
[schoolable.wixsite.com/schoolgames/07d43a5b.min.css]
[schoolable.wixsite.com/schoolgames/74e60b57.min.css]
[schoolable.wixsite.com/schoolgames/71b202df.min.css]
[schoolable.wixsite.com/schoolgames/1e24bd4a.min.css]
[schoolable.wixsite.com/schoolgames/d078781b.min.css]
[schoolable.wixsite.com/schoolgames/9a8b46cf.min.css]
[schoolable.wixsite.com/schoolgames/f4071404.min.css]
[schoolable.wixsite.com/schoolgames/a4efbb1a.min.css]
[schoolable.wixsite.com/schoolgames/b69a6dca.min.css]
[schoolable.wixsite.com/schoolgames/a8cea7d1.min.css]
[schoolable.wixsite.com/schoolgames/9b7ffe32.min.css]
[schoolable.wixsite.com/schoolgames/0e2bff6a.min.css]
[schoolable.wixsite.com/schoolgames/8a3174ea.min.css]
[schoolable.wixsite.com/schoolgames/56b396e1.min.css]
[schoolable.wixsite.com/schoolgames/e31c9edb.min.css]
[schoolable.wixsite.com/schoolgames/270ecc94.min.css]
[schoolable.wixsite.com/schoolgames/aae8f9e8.min.css]
[schoolable.wixsite.com/schoolgames/148a549f.min.css]
[schoolable.wixsite.com/schoolgames/243dde79.min.css]
[schoolable.wixsite.com/schoolgames/4b77444e.min.css]
[schoolable.wixsite.com/schoolgames/debda15f.min.css]
[schoolable.wixsite.com/schoolgames/c8e351db.min.css]
[schoolable.wixsite.com/schoolgames/25adc72e.min.css]
[schoolable.wixsite.com/schoolgames/ad3c03fe.min.css]
[schoolable.wixsite.com/schoolgames/696515ba.min.css]
[schoolable.wixsite.com/schoolgames/827a0773.chunk.min.js]
[schoolable.wixsite.com/schoolgames/a187627f.chunk.min.js]
[schoolable.wixsite.com/schoolgames/e495a481.chunk.min.js]
[schoolable.wixsite.com/schoolgames/d759f331.chunk.min.js]
[schoolable.wixsite.com/schoolgames/rb_wixui.thunderbolt_bootstrap-classic.885fc726.chunk.min.js]
[schoolable.wixsite.com/schoolgames/rb_wixui.thunderbolt_bootstrap-responsive.a66c1914.chunk.min.css]
[schoolable.wixsite.com/schoolgames/rb_wixui.thunderbolt_bootstrap-responsive.e495a481.chunk.min.js]
[schoolable.wixsite.com/schoolgames/rb_wixui.thunderbolt_common-site-members-dialogs.d78bf087.chunk.min.css]
[schoolable.wixsite.com/schoolgames/rb_wixui.thunderbolt_common-site-members-dialogs.d759f331.chunk.min.js]
[schoolable.wixsite.com/schoolgames/rb_wixui.thunderbolt_bootstrap.aaf11717.chunk.min.css]
[schoolable.wixsite.com/schoolgames/rb_wixui.thunderbolt_bootstrap.827a0773.chunk.min.js]
[schoolable.wixsite.com/schoolgames/rb_wixui.corvid_core.d73046ab.chunk.min.12f.delayed]
[schoolable.wixsite.com/schoolgames/rb_wixui.thunderbolt_mobile.eea54e4b.chunk.min.css]
[schoolable.wixsite.com/schoolgames/decodeURIComponent(e]
[browser.sentry-cdn.com/6.13.3/bundle.min.js]
[schoolable.wixsite.com/schoolgames/robots.txt]
[schoolable.wixsite.com/schoolgames/sitemap.xml]
[schoolable.wixsite.com/schoolgames/feed.xml]
[static.parastorage.com/services/wix-thunderbolt/dist/bootstrap-features.635b3da3.bundle.min.js]
[static.parastorage.com/services/wix-thunderbolt/dist/main.547ed5f1.bundle.min.js]
[static.parastorage.com/unpkg/lodash@4.17.21/lodash.min.js]
[static.parastorage.com/unpkg/react@16.13.1/umd/react.production.min.js]
[static.parastorage.com/services/tag-manager-client/1.427.0/siteTags.bundle.min.js]
[static.parastorage.com/services/wix-perf-measure/1.641.0/wix-perf-measure.bundle.min.js]
[static.parastorage.com/unpkg/react-dom@16.13.1/umd/react-dom.production.min.js]
[static.parastorage.com/services/third-party/fonts/user-site-fonts/fonts/5cee8d6e-89ad-4d8c-a0ac-584d316b15ae.woff2]
[static.parastorage.com/services/third-party/fonts/user-site-fonts/fonts/76250d27-b353-4f3b-90c6-0ff635fabaab.svg]
[schoolable.wixsite.com/schoolgames.html]
[schoolable.wixsite.com/schoolgames/version/index.html]
[static.wixstatic.com/media/25de07_b56269d7a6ee4982ba2d0483006bc372_mv2.jpg/v1/fill/w_60,h_60,al_c,q_80,usm_0.66_1.00_0.01,blur_3/SchoolGames_edited.jpg]
[schoolable.wixsite.com/schoolgames/chatroom.html]
[schoolable.wixsite.com/schoolgames/request-and-reports.html]
[schoolable.wixsite.com/schoolgames/html-games.html]
[schoolable.wixsite.com/schoolgames/1v1-lol.html]
[schoolable.wixsite.com/schoolgames/classicminecraft.html]
[schoolable.wixsite.com/schoolgames/csonline.html]
[schoolable.wixsite.com/schoolgames/pixelcombat2.html]
[schoolable.wixsite.com/schoolgames/slope.html]
[schoolable.wixsite.com/schoolgames/vex4.html]
[schoolable.wixsite.com/schoolgames/2048.html]
[schoolable.wixsite.com/schoolgames/happywheels.html]
[schoolable.wixsite.com/schoolgames/cookieclicker.html]
[schoolable.wixsite.com/schoolgames/escapefromxp.html]
[schoolable.wixsite.com/schoolgames/worldsbiggestpacman.html]
[schoolable.wixsite.com/schoolgames/contrejour.html]
[schoolable.wixsite.com/schoolgames/bbll.html]
[schoolable.wixsite.com/schoolgames/colortunnel.html]
[schoolable.wixsite.com/schoolgames/broswerquest.html]
[schoolable.wixsite.com/schoolgames/untrusted.html]
[schoolable.wixsite.com/schoolgames/flash-games.html]
[schoolable.wixsite.com/schoolgames/crosscode.html]
[schoolable.wixsite.com/schoolgames/blank-page-copy-21.html]
[schoolable.wixsite.com/schoolgames/blank-page-copy-22.html]
[schoolable.wixsite.com/schoolgames/blank-page-copy-23.html]
[schoolable.wixsite.com/schoolgames/blank-page-copy-24.html]
[schoolable.wixsite.com/schoolgames/blank-page-copy-25.html]
[schoolable.wixsite.com/schoolgames/blank-page-copy-26.html]
[schoolable.wixsite.com/schoolgames/blank-page-copy-1.html]
[schoolable.wixsite.com/schoolgames/blank-page-copy-copy-1.html]
[schoolable.wixsite.com/schoolgames/blank-page-copy-copy.html]
[schoolable.wixsite.com/schoolgames/blank-page-copy-copy-3.html]
[schoolable.wixsite.com/schoolgames/blank-page-copy-copy-4.html]
[schoolable.wixsite.com/schoolgames/blank-page-copy-copy-5.html]
[schoolable.wixsite.com/schoolgames/blank-page-copy-copy-6.html]
[schoolable.wixsite.com/schoolgames/blank-page-copy-copy-7.html]
[schoolable.wixsite.com/schoolgames/blank-page-copy-copy-2.html]
[schoolable.wixsite.com/schoolgames/blank-page-copy-copy-8.html]
[static.wixstatic.com/media/25de07_9626ab5bcaa04a9582a697a92b243cd0_mv2.png/v1/fill/w_220,h_165,al_c,usm_0.66_1.00_0.01,blur_2/25de07_9626ab5bcaa04a9582a697a92b243cd0_mv2.png]
[schoolable.wixsite.com/schoolgames/index.html]
[schoolable.wixsite.com/schoolgames/47b73115.min.html]
[schoolable.wixsite.com/schoolgames/1a3ca2ee.min.html]
[schoolable.wixsite.com/schoolgames/16e44c05.min.html]
[schoolable.wixsite.com/schoolgames/6ac53ab7.min.html]
[schoolable.wixsite.com/schoolgames/02595569.min.html]
[schoolable.wixsite.com/schoolgames/e5861f41.min.html]
[schoolable.wixsite.com/schoolgames/c53e42d7.min.html]
[schoolable.wixsite.com/schoolgames/da6c52cb.min.html]
[schoolable.wixsite.com/schoolgames/3d2759f7.min.html]
[schoolable.wixsite.com/schoolgames/960c3a88.min.html]
[schoolable.wixsite.com/schoolgames/390543ac.min.html]
[schoolable.wixsite.com/schoolgames/2f9aeb85.min.html]
[schoolable.wixsite.com/schoolgames/f36661fb.min.html]
[schoolable.wixsite.com/schoolgames/aa613bd1.min.html]
[schoolable.wixsite.com/schoolgames/395efea1.min.html]
[schoolable.wixsite.com/schoolgames/6daaad8b.min.html]
[schoolable.wixsite.com/schoolgames/bf91693c.min.html]
[schoolable.wixsite.com/schoolgames/b4ae8803.min.html]
[schoolable.wixsite.com/schoolgames/62ccedec.min.html]
[schoolable.wixsite.com/schoolgames/ae08c227.min.html]
[schoolable.wixsite.com/schoolgames/11f27093.min.html]
[schoolable.wixsite.com/schoolgames/9b155e90.min.html]
[schoolable.wixsite.com/schoolgames/4ec2545d.min.html]
[schoolable.wixsite.com/schoolgames/1bbe301d.min.html]
[schoolable.wixsite.com/schoolgames/e78a13b3.min.html]
[schoolable.wixsite.com/schoolgames/b604fd33.min.html]
[schoolable.wixsite.com/schoolgames/48c6d58d.min.html]
[schoolable.wixsite.com/schoolgames/439c90c8.min.html]
[schoolable.wixsite.com/schoolgames/cd69f57c.min.html]
[schoolable.wixsite.com/schoolgames/bc223d50.min.html]
[schoolable.wixsite.com/schoolgames/bc2466c0.min.html]
[schoolable.wixsite.com/schoolgames/5d7b6bbf.min.html]
[schoolable.wixsite.com/schoolgames/3fdab364.min.html]
[schoolable.wixsite.com/schoolgames/20d93486.min.html]
[schoolable.wixsite.com/schoolgames/9692b4a8.min.html]
[schoolable.wixsite.com/schoolgames/914012ea.min.html]
[schoolable.wixsite.com/schoolgames/ffa0eb8f.min.html]
[schoolable.wixsite.com/schoolgames/fe8be6d6.min.html]
[schoolable.wixsite.com/schoolgames/a28cca36.min.html]
[schoolable.wixsite.com/schoolgames/02b07b80.min.html]
[schoolable.wixsite.com/schoolgames/265e9a4a.min.html]
[schoolable.wixsite.com/schoolgames/ff342417.min.html]
[schoolable.wixsite.com/schoolgames/2a1582d7.min.html]
[schoolable.wixsite.com/schoolgames/eb321d93.min.html]
[schoolable.wixsite.com/schoolgames/06cfef68.min.html]
[schoolable.wixsite.com/schoolgames/49a18e23.min.html]
[schoolable.wixsite.com/schoolgames/2467b183.min.html]
[schoolable.wixsite.com/schoolgames/f9fd7cbe.min.html]
[schoolable.wixsite.com/schoolgames/e142d0f4.min.html]
[schoolable.wixsite.com/schoolgames/96a73741.min.html]
[schoolable.wixsite.com/schoolgames/4c758e80.min.html]
[schoolable.wixsite.com/schoolgames/44b62fdc.min.html]
[schoolable.wixsite.com/schoolgames/7f8c7c3e.min.html]
[schoolable.wixsite.com/schoolgames/fbbc0ea4.min.html]
[schoolable.wixsite.com/schoolgames/5d29307d.min.html]
[schoolable.wixsite.com/schoolgames/85af43ab.min.html]
[schoolable.wixsite.com/schoolgames/7010eb60.min.html]
[schoolable.wixsite.com/schoolgames/566bec70.min.html]
[schoolable.wixsite.com/schoolgames/fc40122e.min.html]
[schoolable.wixsite.com/schoolgames/45242c23.min.html]
[schoolable.wixsite.com/schoolgames/0efca64c.min.html]
[schoolable.wixsite.com/schoolgames/42ccdc69.min.html]
[schoolable.wixsite.com/schoolgames/4ea3b970.min.html]
[schoolable.wixsite.com/schoolgames/0ee85551.min.html]
[schoolable.wixsite.com/schoolgames/085f85ee.min.html]
[schoolable.wixsite.com/schoolgames/fc21aae5.min.html]
[schoolable.wixsite.com/schoolgames/641eb53d.min.html]
[schoolable.wixsite.com/schoolgames/cabcae51.min.html]
[schoolable.wixsite.com/schoolgames/b66c178d.min.html]
[schoolable.wixsite.com/schoolgames/c7fdedca.min.html]
[schoolable.wixsite.com/schoolgames/ce9dcea4.min.html]
[schoolable.wixsite.com/schoolgames/bc497b45.min.html]
[schoolable.wixsite.com/schoolgames/2acb415c.min.html]
[schoolable.wixsite.com/schoolgames/7d6cd51b.min.html]
[schoolable.wixsite.com/schoolgames/16e57088.min.html]
[schoolable.wixsite.com/schoolgames/0a1c073a.min.html]
[schoolable.wixsite.com/schoolgames/1ac8fc0f.min.html]
[schoolable.wixsite.com/schoolgames/e5d84163.min.html]
[schoolable.wixsite.com/schoolgames/d5f023bb.min.html]
[schoolable.wixsite.com/schoolgames/d820de38.min.html]
[schoolable.wixsite.com/schoolgames/012dc85e.min.html]
[schoolable.wixsite.com/schoolgames/9d29a199.min.html]
[schoolable.wixsite.com/schoolgames/381ee71b.min.html]
[schoolable.wixsite.com/schoolgames/bf413556.min.html]
[schoolable.wixsite.com/schoolgames/316080a6.min.html]
[schoolable.wixsite.com/schoolgames/51a9742f.min.html]
[schoolable.wixsite.com/schoolgames/bf732f1f.min.html]
[schoolable.wixsite.com/schoolgames/99f4b3eb.min.html]
[schoolable.wixsite.com/schoolgames/a545d558.min.html]
[schoolable.wixsite.com/schoolgames/76eac8fb.min.html]
[schoolable.wixsite.com/schoolgames/5346ce3f.min.html]
[schoolable.wixsite.com/schoolgames/f658a9c4.min.html]
[schoolable.wixsite.com/schoolgames/7c9ceb1e.min.html]
[schoolable.wixsite.com/schoolgames/aa72298b.min.html]
[schoolable.wixsite.com/schoolgames/6ea2cb1c.min.html]
[schoolable.wixsite.com/schoolgames/a9c2732c.min.html]
[schoolable.wixsite.com/schoolgames/93e61b80.min.html]
[schoolable.wixsite.com/schoolgames/4bbd8d4f.min.html]
[schoolable.wixsite.com/schoolgames/f4297adc.min.html]
[schoolable.wixsite.com/schoolgames/f3af5621.min.html]
[schoolable.wixsite.com/schoolgames/23167c06.min.html]
[schoolable.wixsite.com/schoolgames/4c919285.min.html]
[schoolable.wixsite.com/schoolgames/99e902d9.min.html]
[schoolable.wixsite.com/schoolgames/7761d6fc.min.html]
[schoolable.wixsite.com/schoolgames/164e68d9.min.html]
[schoolable.wixsite.com/schoolgames/40e5d5cf.min.html]
[schoolable.wixsite.com/schoolgames/7c602eb2.min.html]
[schoolable.wixsite.com/schoolgames/6b4c7217.min.html]
[schoolable.wixsite.com/schoolgames/5b26625f.min.html]
[schoolable.wixsite.com/schoolgames/2e327647.min.html]
[schoolable.wixsite.com/schoolgames/4a6a7fc9.min.html]
[schoolable.wixsite.com/schoolgames/f52e40aa.min.html]
[schoolable.wixsite.com/schoolgames/29ef3ea9.min.html]
[schoolable.wixsite.com/schoolgames/8a33f286.min.html]
[schoolable.wixsite.com/schoolgames/a1e4335b.min.html]
[schoolable.wixsite.com/schoolgames/67b7c77e.min.html]
[schoolable.wixsite.com/schoolgames/b8760986.min.html]
[schoolable.wixsite.com/schoolgames/37bd0eeb.min.html]
[schoolable.wixsite.com/schoolgames/8d04f72e.min.html]
[schoolable.wixsite.com/schoolgames/84c587cd.min.html]
[schoolable.wixsite.com/schoolgames/ba7d2620.min.html]
[schoolable.wixsite.com/schoolgames/41f1fa78.min.html]
[schoolable.wixsite.com/schoolgames/3e581339.min.html]
[schoolable.wixsite.com/schoolgames/a2f0f523.min.html]
[schoolable.wixsite.com/schoolgames/86aca973.min.html]
[schoolable.wixsite.com/schoolgames/7c1692b1.min.html]
[schoolable.wixsite.com/schoolgames/8005d5c1.min.html]
[schoolable.wixsite.com/schoolgames/0e20a470.min.html]
[schoolable.wixsite.com/schoolgames/c9b5bd15.min.html]
[schoolable.wixsite.com/schoolgames/8c688a9d.min.html]
[schoolable.wixsite.com/schoolgames/6b1e299b.min.html]
[schoolable.wixsite.com/schoolgames/11d68990.min.html]
[schoolable.wixsite.com/schoolgames/3f166307.min.html]
[schoolable.wixsite.com/schoolgames/1355ec40.min.html]
[schoolable.wixsite.com/schoolgames/48220e7a.min.html]
[schoolable.wixsite.com/schoolgames/eca71e40.min.html]
[schoolable.wixsite.com/schoolgames/024f5250.min.html]
[schoolable.wixsite.com/schoolgames/54e8ad37.min.html]
[schoolable.wixsite.com/schoolgames/c79634ce.min.html]
[schoolable.wixsite.com/schoolgames/036d1c2c.min.html]
[schoolable.wixsite.com/schoolgames/04c30725.min.html]
[schoolable.wixsite.com/schoolgames/685dda1c.min.html]
[schoolable.wixsite.com/schoolgames/ad3a6151.min.html]
[schoolable.wixsite.com/schoolgames/b43bc41a.min.html]
[schoolable.wixsite.com/schoolgames/aff3efe3.min.html]
[schoolable.wixsite.com/schoolgames/44306cc3.min.html]
[schoolable.wixsite.com/schoolgames/f08a1c03.min.html]
[schoolable.wixsite.com/schoolgames/6818c64c.min.html]
[schoolable.wixsite.com/schoolgames/4fa4a352.min.html]
[schoolable.wixsite.com/schoolgames/97d7cd97.min.html]
[schoolable.wixsite.com/schoolgames/a1e76019.min.html]
[schoolable.wixsite.com/schoolgames/b4bc6361.min.html]
[schoolable.wixsite.com/schoolgames/9eed3e82.min.html]
[schoolable.wixsite.com/schoolgames/ce776e38.min.html]
[schoolable.wixsite.com/schoolgames/4a43b954.min.html]
[schoolable.wixsite.com/schoolgames/799d016a.min.html]
[schoolable.wixsite.com/schoolgames/c434348a.min.html]
[schoolable.wixsite.com/schoolgames/4038e1e2.min.html]
[schoolable.wixsite.com/schoolgames/c24f5e69.min.html]
[schoolable.wixsite.com/schoolgames/8ab00128.min.html]
[schoolable.wixsite.com/schoolgames/45eee88d.min.html]
[schoolable.wixsite.com/schoolgames/7df86004.min.html]
[schoolable.wixsite.com/schoolgames/145b5660.min.html]
[schoolable.wixsite.com/schoolgames/3e624017.min.html]
[schoolable.wixsite.com/schoolgames/eb810a4a.min.html]
[schoolable.wixsite.com/schoolgames/81ed76c3.min.html]
[schoolable.wixsite.com/schoolgames/6fe867cc.min.html]
[schoolable.wixsite.com/schoolgames/d1f9c7e6.min.html]
[schoolable.wixsite.com/schoolgames/34377b4a.min.html]
[schoolable.wixsite.com/schoolgames/36c7b16b.min.html]
[schoolable.wixsite.com/schoolgames/b0da3a19.min.html]
[schoolable.wixsite.com/schoolgames/70e8afa8.min.html]
[schoolable.wixsite.com/schoolgames/9c39b1d1.min.html]
[schoolable.wixsite.com/schoolgames/59f9faa0.min.html]
[schoolable.wixsite.com/schoolgames/b92ba9ff.min.html]
[schoolable.wixsite.com/schoolgames/91e61dab.min.html]
[schoolable.wixsite.com/schoolgames/41f245d4.min.html]
[schoolable.wixsite.com/schoolgames/e24e08e7.min.html]
[schoolable.wixsite.com/schoolgames/a86a8070.min.html]
[schoolable.wixsite.com/schoolgames/65997748.min.html]
[schoolable.wixsite.com/schoolgames/13eb5276.min.html]
[schoolable.wixsite.com/schoolgames/2978359e.min.html]
[schoolable.wixsite.com/schoolgames/4b1f6567.min.html]
[schoolable.wixsite.com/schoolgames/4e6fba8d.min.html]
[schoolable.wixsite.com/schoolgames/883064bf.min.html]
[schoolable.wixsite.com/schoolgames/55fd4990.min.html]
[schoolable.wixsite.com/schoolgames/882dfccd.min.html]
[schoolable.wixsite.com/schoolgames/70efe3c5.min.html]
[schoolable.wixsite.com/schoolgames/6d011635.min.html]
[schoolable.wixsite.com/schoolgames/af38aead.min.html]
[schoolable.wixsite.com/schoolgames/39cfb47d.min.html]
[schoolable.wixsite.com/schoolgames/1a1f2ab9.min.html]
[schoolable.wixsite.com/schoolgames/5ed4e092.min.html]
[schoolable.wixsite.com/schoolgames/75512b1a.min.html]
[schoolable.wixsite.com/schoolgames/2a38244f.min.html]
[schoolable.wixsite.com/schoolgames/837e8139.min.html]
[schoolable.wixsite.com/schoolgames/f8ec65c6.min.html]
[schoolable.wixsite.com/schoolgames/913e0517.min.html]
[schoolable.wixsite.com/schoolgames/2ce475e3.min.html]
[schoolable.wixsite.com/schoolgames/96f4b814.min.html]
[schoolable.wixsite.com/schoolgames/efcd8729.min.html]
[schoolable.wixsite.com/schoolgames/0ebb4539.min.html]
[schoolable.wixsite.com/schoolgames/c9371416.min.html]
[schoolable.wixsite.com/schoolgames/84fca3f0.min.html]
[schoolable.wixsite.com/schoolgames/44b60e9d.min.html]
[schoolable.wixsite.com/schoolgames/48e483a5.min.html]
[schoolable.wixsite.com/schoolgames/100a01ba.min.html]
[schoolable.wixsite.com/schoolgames/dba31346.min.html]
[schoolable.wixsite.com/schoolgames/5a61fee8.min.html]
[schoolable.wixsite.com/schoolgames/6010b816.min.html]
[schoolable.wixsite.com/schoolgames/99e9084d.min.html]
[schoolable.wixsite.com/schoolgames/39cdb6e7.min.html]
[schoolable.wixsite.com/schoolgames/98f5e34d.min.html]
[schoolable.wixsite.com/schoolgames/4bd62377.min.html]
[schoolable.wixsite.com/schoolgames/f6b4449f.min.html]
[schoolable.wixsite.com/schoolgames/692d3cfd.min.html]
[schoolable.wixsite.com/schoolgames/dda10bbb.min.html]
[schoolable.wixsite.com/schoolgames/826aa068.min.html]
[schoolable.wixsite.com/schoolgames/71561e01.min.html]
[schoolable.wixsite.com/schoolgames/2aa93db9.min.html]
[schoolable.wixsite.com/schoolgames/ac1f0c83.min.html]
[schoolable.wixsite.com/schoolgames/3fc3aa14.min.html]
[schoolable.wixsite.com/schoolgames/eed9660c.min.html]
[schoolable.wixsite.com/schoolgames/e98ddd9c.min.html]
[schoolable.wixsite.com/schoolgames/9f54505f.min.html]
[schoolable.wixsite.com/schoolgames/82a3c6bd.min.html]
[schoolable.wixsite.com/schoolgames/959e5e9e.min.html]
[schoolable.wixsite.com/schoolgames/c6933345.min.html]
[schoolable.wixsite.com/schoolgames/7ac66a81.min.html]
[schoolable.wixsite.com/schoolgames/7f6e9aff.min.html]
[schoolable.wixsite.com/schoolgames/7197ceeb.min.html]
[schoolable.wixsite.com/schoolgames/4d761874.min.html]
[schoolable.wixsite.com/schoolgames/57ee110f.min.html]
[schoolable.wixsite.com/schoolgames/723e4fed.min.html]
[schoolable.wixsite.com/schoolgames/7d0d5475.min.html]
[schoolable.wixsite.com/schoolgames/d9e9ecf4.min.html]
[schoolable.wixsite.com/schoolgames/4d71157d.min.html]
[schoolable.wixsite.com/schoolgames/30611ad6.min.html]
[schoolable.wixsite.com/schoolgames/3107aee2.min.html]
[schoolable.wixsite.com/schoolgames/add763df.min.html]
[schoolable.wixsite.com/schoolgames/20a005d9.min.html]
[schoolable.wixsite.com/schoolgames/f12c724d.min.html]
[schoolable.wixsite.com/schoolgames/767a7565.min.html]
[schoolable.wixsite.com/schoolgames/6dd0b2ab.min.html]
[schoolable.wixsite.com/schoolgames/60e6c2a9.min.html]
[schoolable.wixsite.com/schoolgames/6bd04466.min.html]
[schoolable.wixsite.com/schoolgames/e356d735.min.html]
[schoolable.wixsite.com/schoolgames/1fef0d1f.min.html]
[schoolable.wixsite.com/schoolgames/4e9ee1a3.min.html]
[schoolable.wixsite.com/schoolgames/8845e14b.min.html]
[schoolable.wixsite.com/schoolgames/a7d5ac4b.min.html]
[schoolable.wixsite.com/schoolgames/015a530e.min.html]
[schoolable.wixsite.com/schoolgames/b6e3e82f.min.html]
[schoolable.wixsite.com/schoolgames/731d5bce.min.html]
[schoolable.wixsite.com/schoolgames/c61ac2b6.min.html]
[schoolable.wixsite.com/schoolgames/c9d89f77.min.html]
[schoolable.wixsite.com/schoolgames/77753e29.min.html]
[schoolable.wixsite.com/schoolgames/2a3ba4df.min.html]
[schoolable.wixsite.com/schoolgames/1150efce.min.html]
[schoolable.wixsite.com/schoolgames/dbfd66d7.min.html]
[schoolable.wixsite.com/schoolgames/e1813de1.min.html]
[schoolable.wixsite.com/schoolgames/34b72cf9.min.html]
[schoolable.wixsite.com/schoolgames/5d684912.min.html]
[schoolable.wixsite.com/schoolgames/07d43a5b.min.html]
[schoolable.wixsite.com/schoolgames/74e60b57.min.html]
[schoolable.wixsite.com/schoolgames/71b202df.min.html]
[schoolable.wixsite.com/schoolgames/1e24bd4a.min.html]
[schoolable.wixsite.com/schoolgames/d078781b.min.html]
[schoolable.wixsite.com/schoolgames/9a8b46cf.min.html]
[schoolable.wixsite.com/schoolgames/f4071404.min.html]
[schoolable.wixsite.com/schoolgames/a4efbb1a.min.html]
[schoolable.wixsite.com/schoolgames/b69a6dca.min.html]
[schoolable.wixsite.com/schoolgames/a8cea7d1.min.html]
[schoolable.wixsite.com/schoolgames/9b7ffe32.min.html]
[schoolable.wixsite.com/schoolgames/0e2bff6a.min.html]
[schoolable.wixsite.com/schoolgames/8a3174ea.min.html]
[schoolable.wixsite.com/schoolgames/56b396e1.min.html]
[schoolable.wixsite.com/schoolgames/e31c9edb.min.html]
[schoolable.wixsite.com/schoolgames/270ecc94.min.html]
[schoolable.wixsite.com/schoolgames/aae8f9e8.min.html]
[schoolable.wixsite.com/schoolgames/148a549f.min.html]
[schoolable.wixsite.com/schoolgames/243dde79.min.html]
[schoolable.wixsite.com/schoolgames/4b77444e.min.html]
[schoolable.wixsite.com/schoolgames/debda15f.min.html]
[schoolable.wixsite.com/schoolgames/c8e351db.min.html]
[schoolable.wixsite.com/schoolgames/25adc72e.min.html]
[schoolable.wixsite.com/schoolgames/ad3c03fe.min.html]
[schoolable.wixsite.com/schoolgames/696515ba.min.html]
[schoolable.wixsite.com/schoolgames/827a0773.chunk.min.html]
[schoolable.wixsite.com/schoolgames/a187627f.chunk.min.html]
[schoolable.wixsite.com/schoolgames/e495a481.chunk.min.html]
[schoolable.wixsite.com/schoolgames/d759f331.chunk.min.html]
[schoolable.wixsite.com/schoolgames/rb_wixui.thunderbolt_bootstrap-classic.885fc726.chunk.min.html]
[schoolable.wixsite.com/schoolgames/rb_wixui.thunderbolt_bootstrap-responsive.a66c1914.chunk.min.html]
[schoolable.wixsite.com/schoolgames/rb_wixui.thunderbolt_bootstrap-responsive.e495a481.chunk.min.html]
[schoolable.wixsite.com/schoolgames/rb_wixui.thunderbolt_common-site-members-dialogs.d78bf087.chunk.min.html]
[schoolable.wixsite.com/schoolgames/rb_wixui.thunderbolt_common-site-members-dialogs.d759f331.chunk.min.html]
[schoolable.wixsite.com/schoolgames/rb_wixui.thunderbolt_bootstrap.aaf11717.chunk.min.html]
[schoolable.wixsite.com/schoolgames/rb_wixui.thunderbolt_bootstrap.827a0773.chunk.min.html]
[schoolable.wixsite.com/schoolgames/rb_wixui.corvid_core.d73046ab.chunk.min.html]
[schoolable.wixsite.com/schoolgames/rb_wixui.thunderbolt_mobile.eea54e4b.chunk.min.html]
[schoolable.wixsite.com/schoolgames/decodeURIComponent(e.html]
[schoolable.wixsite.com/schoolgames/robots.html]
[schoolable.wixsite.com/schoolgames/feed.html]
[schoolable.wixsite.com/schoolgames/version/index.html]
[schoolable.wixsite.com/47b73115.min.css]
[schoolable.wixsite.com/1a3ca2ee.min.css]
[schoolable.wixsite.com/16e44c05.min.css]
[schoolable.wixsite.com/6ac53ab7.min.css]
[schoolable.wixsite.com/02595569.min.css]
[schoolable.wixsite.com/e5861f41.min.css]
[schoolable.wixsite.com/c53e42d7.min.css]
[schoolable.wixsite.com/da6c52cb.min.css]
[schoolable.wixsite.com/3d2759f7.min.css]
[schoolable.wixsite.com/960c3a88.min.css]
[schoolable.wixsite.com/390543ac.min.css]
[schoolable.wixsite.com/2f9aeb85.min.css]
[schoolable.wixsite.com/f36661fb.min.css]
[schoolable.wixsite.com/aa613bd1.min.css]
[schoolable.wixsite.com/395efea1.min.css]
[schoolable.wixsite.com/6daaad8b.min.css]
[schoolable.wixsite.com/bf91693c.min.css]
[schoolable.wixsite.com/b4ae8803.min.css]
[schoolable.wixsite.com/62ccedec.min.css]
[schoolable.wixsite.com/ae08c227.min.css]
[schoolable.wixsite.com/11f27093.min.css]
[schoolable.wixsite.com/9b155e90.min.css]
[schoolable.wixsite.com/4ec2545d.min.css]
[schoolable.wixsite.com/1bbe301d.min.css]
[schoolable.wixsite.com/e78a13b3.min.css]
[schoolable.wixsite.com/b604fd33.min.css]
[schoolable.wixsite.com/48c6d58d.min.css]
[schoolable.wixsite.com/439c90c8.min.css]
[schoolable.wixsite.com/cd69f57c.min.css]
[schoolable.wixsite.com/bc223d50.min.css]
[schoolable.wixsite.com/bc2466c0.min.css]
[schoolable.wixsite.com/5d7b6bbf.min.css]
[schoolable.wixsite.com/3fdab364.min.css]
[schoolable.wixsite.com/20d93486.min.css]
[schoolable.wixsite.com/9692b4a8.min.css]
[schoolable.wixsite.com/914012ea.min.css]
[schoolable.wixsite.com/ffa0eb8f.min.css]
[schoolable.wixsite.com/fe8be6d6.min.css]
[schoolable.wixsite.com/a28cca36.min.css]
[schoolable.wixsite.com/02b07b80.min.css]
[schoolable.wixsite.com/265e9a4a.min.css]
[schoolable.wixsite.com/ff342417.min.css]
[schoolable.wixsite.com/2a1582d7.min.css]
[schoolable.wixsite.com/eb321d93.min.css]
[schoolable.wixsite.com/06cfef68.min.css]
[schoolable.wixsite.com/49a18e23.min.css]
[schoolable.wixsite.com/2467b183.min.css]
[schoolable.wixsite.com/f9fd7cbe.min.css]
[schoolable.wixsite.com/e142d0f4.min.css]
[schoolable.wixsite.com/96a73741.min.css]
[schoolable.wixsite.com/4c758e80.min.css]
[schoolable.wixsite.com/44b62fdc.min.css]
[schoolable.wixsite.com/7f8c7c3e.min.css]
[schoolable.wixsite.com/fbbc0ea4.min.css]
[schoolable.wixsite.com/5d29307d.min.css]
[schoolable.wixsite.com/85af43ab.min.css]
[schoolable.wixsite.com/7010eb60.min.css]
[schoolable.wixsite.com/566bec70.min.css]
[schoolable.wixsite.com/fc40122e.min.css]
[schoolable.wixsite.com/45242c23.min.css]
[schoolable.wixsite.com/0efca64c.min.css]
[schoolable.wixsite.com/42ccdc69.min.css]
[schoolable.wixsite.com/4ea3b970.min.css]
[schoolable.wixsite.com/0ee85551.min.css]
[schoolable.wixsite.com/085f85ee.min.css]
[schoolable.wixsite.com/fc21aae5.min.css]
[schoolable.wixsite.com/641eb53d.min.css]
[schoolable.wixsite.com/cabcae51.min.css]
[schoolable.wixsite.com/b66c178d.min.css]
[schoolable.wixsite.com/c7fdedca.min.css]
[schoolable.wixsite.com/ce9dcea4.min.css]
[schoolable.wixsite.com/bc497b45.min.css]
[schoolable.wixsite.com/2acb415c.min.css]
[schoolable.wixsite.com/7d6cd51b.min.css]
[schoolable.wixsite.com/16e57088.min.css]
[schoolable.wixsite.com/0a1c073a.min.css]
[schoolable.wixsite.com/1ac8fc0f.min.css]
[schoolable.wixsite.com/e5d84163.min.css]
[schoolable.wixsite.com/d5f023bb.min.css]
[schoolable.wixsite.com/d820de38.min.css]
[schoolable.wixsite.com/012dc85e.min.css]
[schoolable.wixsite.com/9d29a199.min.css]
[schoolable.wixsite.com/381ee71b.min.css]
[schoolable.wixsite.com/bf413556.min.css]
[schoolable.wixsite.com/316080a6.min.css]
[schoolable.wixsite.com/51a9742f.min.css]
[schoolable.wixsite.com/bf732f1f.min.css]
[schoolable.wixsite.com/99f4b3eb.min.css]
[schoolable.wixsite.com/a545d558.min.css]
[schoolable.wixsite.com/76eac8fb.min.css]
[schoolable.wixsite.com/5346ce3f.min.css]
[schoolable.wixsite.com/f658a9c4.min.css]
[schoolable.wixsite.com/7c9ceb1e.min.css]
[schoolable.wixsite.com/aa72298b.min.css]
[schoolable.wixsite.com/6ea2cb1c.min.1c5.delayed]
[schoolable.wixsite.com/a9c2732c.min.css]
[schoolable.wixsite.com/93e61b80.min.css]
[schoolable.wixsite.com/4bbd8d4f.min.css]
[schoolable.wixsite.com/f4297adc.min.css]
[schoolable.wixsite.com/f3af5621.min.css]
[schoolable.wixsite.com/23167c06.min.css]
[schoolable.wixsite.com/4c919285.min.css]
[schoolable.wixsite.com/99e902d9.min.css]
[schoolable.wixsite.com/7761d6fc.min.css]
[schoolable.wixsite.com/164e68d9.min.css]
[schoolable.wixsite.com/40e5d5cf.min.css]
[schoolable.wixsite.com/7c602eb2.min.css]
[schoolable.wixsite.com/6b4c7217.min.css]
[schoolable.wixsite.com/5b26625f.min.css]
[schoolable.wixsite.com/2e327647.min.css]
[schoolable.wixsite.com/4a6a7fc9.min.css]
[schoolable.wixsite.com/f52e40aa.min.css]
[schoolable.wixsite.com/29ef3ea9.min.css]
[schoolable.wixsite.com/8a33f286.min.css]
[schoolable.wixsite.com/a1e4335b.min.css]
[schoolable.wixsite.com/67b7c77e.min.css]
[schoolable.wixsite.com/b8760986.min.css]
[schoolable.wixsite.com/37bd0eeb.min.css]
[schoolable.wixsite.com/8d04f72e.min.css]
[schoolable.wixsite.com/84c587cd.min.css]
[schoolable.wixsite.com/ba7d2620.min.css]
[schoolable.wixsite.com/41f1fa78.min.css]
[schoolable.wixsite.com/3e581339.min.css]
[schoolable.wixsite.com/a2f0f523.min.css]
[schoolable.wixsite.com/86aca973.min.css]
[schoolable.wixsite.com/7c1692b1.min.css]
[schoolable.wixsite.com/8005d5c1.min.css]
[schoolable.wixsite.com/0e20a470.min.css]
[schoolable.wixsite.com/c9b5bd15.min.css]
[schoolable.wixsite.com/8c688a9d.min.css]
[schoolable.wixsite.com/6b1e299b.min.css]
[schoolable.wixsite.com/11d68990.min.css]
[schoolable.wixsite.com/3f166307.min.css]
[schoolable.wixsite.com/1355ec40.min.css]
[schoolable.wixsite.com/48220e7a.min.css]
[schoolable.wixsite.com/eca71e40.min.css]
[schoolable.wixsite.com/024f5250.min.css]
[schoolable.wixsite.com/54e8ad37.min.css]
[schoolable.wixsite.com/c79634ce.min.css]
[schoolable.wixsite.com/036d1c2c.min.css]
[schoolable.wixsite.com/04c30725.min.css]
[schoolable.wixsite.com/685dda1c.min.css]
[schoolable.wixsite.com/ad3a6151.min.css]
[schoolable.wixsite.com/b43bc41a.min.css]
[schoolable.wixsite.com/aff3efe3.min.css]
[schoolable.wixsite.com/44306cc3.min.css]
[schoolable.wixsite.com/f08a1c03.min.css]
[schoolable.wixsite.com/6818c64c.min.css]
[schoolable.wixsite.com/4fa4a352.min.css]
[schoolable.wixsite.com/97d7cd97.min.css]
[schoolable.wixsite.com/a1e76019.min.css]
[schoolable.wixsite.com/b4bc6361.min.css]
[schoolable.wixsite.com/9eed3e82.min.css]
[schoolable.wixsite.com/ce776e38.min.css]
[schoolable.wixsite.com/4a43b954.min.css]
[schoolable.wixsite.com/799d016a.min.css]
[schoolable.wixsite.com/c434348a.min.css]
[schoolable.wixsite.com/4038e1e2.min.css]
[schoolable.wixsite.com/c24f5e69.min.css]
[schoolable.wixsite.com/8ab00128.min.css]
[schoolable.wixsite.com/45eee88d.min.css]
[schoolable.wixsite.com/7df86004.min.css]
[schoolable.wixsite.com/145b5660.min.css]
[schoolable.wixsite.com/3e624017.min.css]
[schoolable.wixsite.com/eb810a4a.min.css]
[schoolable.wixsite.com/81ed76c3.min.css]
[schoolable.wixsite.com/6fe867cc.min.css]
[schoolable.wixsite.com/d1f9c7e6.min.css]
[schoolable.wixsite.com/34377b4a.min.css]
[schoolable.wixsite.com/36c7b16b.min.css]
[schoolable.wixsite.com/b0da3a19.min.css]
[schoolable.wixsite.com/70e8afa8.min.css]
[schoolable.wixsite.com/9c39b1d1.min.css]
[schoolable.wixsite.com/59f9faa0.min.css]
[schoolable.wixsite.com/b92ba9ff.min.css]
[schoolable.wixsite.com/91e61dab.min.css]
[schoolable.wixsite.com/41f245d4.min.css]
[schoolable.wixsite.com/e24e08e7.min.css]
[schoolable.wixsite.com/a86a8070.min.css]
[schoolable.wixsite.com/65997748.min.css]
[schoolable.wixsite.com/13eb5276.min.css]
[schoolable.wixsite.com/2978359e.min.css]
[schoolable.wixsite.com/4b1f6567.min.css]
[schoolable.wixsite.com/4e6fba8d.min.css]
[schoolable.wixsite.com/883064bf.min.css]
[schoolable.wixsite.com/55fd4990.min.css]
[schoolable.wixsite.com/882dfccd.min.css]
[schoolable.wixsite.com/70efe3c5.min.css]
[schoolable.wixsite.com/6d011635.min.css]
[schoolable.wixsite.com/af38aead.min.css]
[schoolable.wixsite.com/39cfb47d.min.css]
[schoolable.wixsite.com/1a1f2ab9.min.css]
[schoolable.wixsite.com/5ed4e092.min.css]
[schoolable.wixsite.com/75512b1a.min.css]
[schoolable.wixsite.com/2a38244f.min.229.delayed]
[schoolable.wixsite.com/837e8139.min.css]
[schoolable.wixsite.com/f8ec65c6.min.css]
[schoolable.wixsite.com/913e0517.min.css]
[schoolable.wixsite.com/2ce475e3.min.css]
[schoolable.wixsite.com/96f4b814.min.css]
[schoolable.wixsite.com/efcd8729.min.css]
[schoolable.wixsite.com/0ebb4539.min.css]
[schoolable.wixsite.com/c9371416.min.css]
[schoolable.wixsite.com/84fca3f0.min.css]
[schoolable.wixsite.com/44b60e9d.min.css]
[schoolable.wixsite.com/48e483a5.min.css]
[schoolable.wixsite.com/100a01ba.min.css]
[schoolable.wixsite.com/dba31346.min.css]
[schoolable.wixsite.com/5a61fee8.min.css]
[schoolable.wixsite.com/6010b816.min.css]
[schoolable.wixsite.com/99e9084d.min.css]
[schoolable.wixsite.com/39cdb6e7.min.css]
[schoolable.wixsite.com/98f5e34d.min.css]
[schoolable.wixsite.com/4bd62377.min.css]
[schoolable.wixsite.com/f6b4449f.min.css]
[schoolable.wixsite.com/692d3cfd.min.css]
[schoolable.wixsite.com/dda10bbb.min.css]
[schoolable.wixsite.com/826aa068.min.css]
[schoolable.wixsite.com/71561e01.min.css]
[schoolable.wixsite.com/2aa93db9.min.css]
[schoolable.wixsite.com/ac1f0c83.min.css]
[schoolable.wixsite.com/3fc3aa14.min.css]
[schoolable.wixsite.com/eed9660c.min.css]
[schoolable.wixsite.com/e98ddd9c.min.css]
[schoolable.wixsite.com/9f54505f.min.css]
[schoolable.wixsite.com/82a3c6bd.min.css]
[schoolable.wixsite.com/959e5e9e.min.css]
[schoolable.wixsite.com/c6933345.min.css]
[schoolable.wixsite.com/7ac66a81.min.css]
[schoolable.wixsite.com/7f6e9aff.min.css]
[schoolable.wixsite.com/7197ceeb.min.css]
[schoolable.wixsite.com/4d761874.min.css]
[schoolable.wixsite.com/57ee110f.min.css]
[schoolable.wixsite.com/723e4fed.min.css]
[schoolable.wixsite.com/7d0d5475.min.css]
[schoolable.wixsite.com/d9e9ecf4.min.css]
[schoolable.wixsite.com/4d71157d.min.css]
[schoolable.wixsite.com/30611ad6.min.css]
[schoolable.wixsite.com/3107aee2.min.css]
[schoolable.wixsite.com/add763df.min.css]
[schoolable.wixsite.com/20a005d9.min.css]
[schoolable.wixsite.com/f12c724d.min.css]
[schoolable.wixsite.com/767a7565.min.css]
[schoolable.wixsite.com/6dd0b2ab.min.css]
[schoolable.wixsite.com/60e6c2a9.min.css]
[schoolable.wixsite.com/6bd04466.min.css]
[schoolable.wixsite.com/e356d735.min.css]
[schoolable.wixsite.com/1fef0d1f.min.css]
[schoolable.wixsite.com/4e9ee1a3.min.css]
[schoolable.wixsite.com/8845e14b.min.css]
[schoolable.wixsite.com/a7d5ac4b.min.css]
[schoolable.wixsite.com/015a530e.min.css]
[schoolable.wixsite.com/b6e3e82f.min.css]
[schoolable.wixsite.com/731d5bce.min.css]
[schoolable.wixsite.com/c61ac2b6.min.css]
[schoolable.wixsite.com/c9d89f77.min.css]
[schoolable.wixsite.com/77753e29.min.css]
[schoolable.wixsite.com/2a3ba4df.min.css]
[schoolable.wixsite.com/1150efce.min.css]
[schoolable.wixsite.com/dbfd66d7.min.css]
[schoolable.wixsite.com/e1813de1.min.css]
[schoolable.wixsite.com/34b72cf9.min.css]
[schoolable.wixsite.com/5d684912.min.css]
[schoolable.wixsite.com/07d43a5b.min.css]
[schoolable.wixsite.com/74e60b57.min.css]
[schoolable.wixsite.com/71b202df.min.css]
[schoolable.wixsite.com/1e24bd4a.min.css]
[schoolable.wixsite.com/d078781b.min.css]
[schoolable.wixsite.com/9a8b46cf.min.css]
[schoolable.wixsite.com/f4071404.min.css]
[schoolable.wixsite.com/a4efbb1a.min.css]
[schoolable.wixsite.com/b69a6dca.min.css]
[schoolable.wixsite.com/a8cea7d1.min.css]
[schoolable.wixsite.com/9b7ffe32.min.css]
[schoolable.wixsite.com/0e2bff6a.min.css]
[schoolable.wixsite.com/8a3174ea.min.css]
[schoolable.wixsite.com/56b396e1.min.css]
[schoolable.wixsite.com/e31c9edb.min.css]
[schoolable.wixsite.com/270ecc94.min.css]
[schoolable.wixsite.com/aae8f9e8.min.css]
[schoolable.wixsite.com/148a549f.min.css]
[schoolable.wixsite.com/243dde79.min.css]
[schoolable.wixsite.com/4b77444e.min.css]
[schoolable.wixsite.com/debda15f.min.css]
[schoolable.wixsite.com/c8e351db.min.css]
[schoolable.wixsite.com/25adc72e.min.css]
[schoolable.wixsite.com/ad3c03fe.min.css]
[schoolable.wixsite.com/696515ba.min.css]
[schoolable.wixsite.com/827a0773.chunk.min.js]
[schoolable.wixsite.com/a187627f.chunk.min.js]
[schoolable.wixsite.com/e495a481.chunk.min.js]
[schoolable.wixsite.com/d759f331.chunk.min.js]
[schoolable.wixsite.com/rb_wixui.thunderbolt_bootstrap-classic.885fc726.chunk.min.js]
[schoolable.wixsite.com/rb_wixui.thunderbolt_bootstrap-responsive.a66c1914.chunk.min.css]
[schoolable.wixsite.com/rb_wixui.thunderbolt_bootstrap-responsive.e495a481.chunk.min.28d.delayed]
[schoolable.wixsite.com/rb_wixui.thunderbolt_common-site-members-dialogs.d78bf087.chunk.min.css]
[schoolable.wixsite.com/rb_wixui.thunderbolt_common-site-members-dialogs.d759f331.chunk.min.js]
[schoolable.wixsite.com/rb_wixui.thunderbolt_bootstrap.aaf11717.chunk.min.css]
[schoolable.wixsite.com/rb_wixui.thunderbolt_bootstrap.827a0773.chunk.min.js]
[schoolable.wixsite.com/rb_wixui.corvid_core.d73046ab.chunk.min.js]
[schoolable.wixsite.com/rb_wixui.thunderbolt_mobile.eea54e4b.chunk.min.css]
[schoolable.wixsite.com/decodeURIComponent(e]
[schoolable.wixsite.com/sitemap.xml]
[schoolable.wixsite.com/feed.xml]
[schoolable.wixsite.com/schoolgames.html]
[static.parastorage.com/services/third-party/fonts/user-site-fonts/fonts/76250d27-b353-4f3b-90c6-0ff635fabaab.svg]
[schoolable.wixsite.com/schoolgames/chatroom.html]
[schoolable.wixsite.com/schoolgames/request-and-reports.html]
[schoolable.wixsite.com/schoolgames/html-games.html]
[schoolable.wixsite.com/schoolgames/1v1-lol.html]
[schoolable.wixsite.com/schoolgames/classicminecraft.html]
[schoolable.wixsite.com/schoolgames/csonline.html]
[schoolable.wixsite.com/schoolgames/pixelcombat2.html]
[schoolable.wixsite.com/schoolgames/2048.html]
[schoolable.wixsite.com/schoolgames/slope.html]
[schoolable.wixsite.com/schoolgames/vex4.html]
[schoolable.wixsite.com/schoolgames/happywheels.html]
[schoolable.wixsite.com/schoolgames/cookieclicker.html]
[schoolable.wixsite.com/schoolgames/escapefromxp.html]
[schoolable.wixsite.com/schoolgames/contrejour.html]
[schoolable.wixsite.com/schoolgames/worldsbiggestpacman.html]
[schoolable.wixsite.com/schoolgames/bbll.html]
[schoolable.wixsite.com/schoolgames/colortunnel.html]
[schoolable.wixsite.com/schoolgames/broswerquest.html]
[schoolable.wixsite.com/schoolgames/untrusted.html]
[schoolable.wixsite.com/schoolgames/flash-games.html]
[schoolable.wixsite.com/schoolgames/crosscode.html]
[schoolable.wixsite.com/schoolgames/blank-page-copy-21.html]
[schoolable.wixsite.com/schoolgames/blank-page-copy-22.html]
[schoolable.wixsite.com/schoolgames/blank-page-copy-23.html]
[schoolable.wixsite.com/schoolgames/blank-page-copy-24.html]
[schoolable.wixsite.com/schoolgames/blank-page-copy-25.html]
[schoolable.wixsite.com/schoolgames/blank-page-copy-26.html]
[schoolable.wixsite.com/schoolgames/blank-page-copy-1.html]
[schoolable.wixsite.com/schoolgames/blank-page-copy-copy-1.html]
[schoolable.wixsite.com/schoolgames/blank-page-copy-copy.html]
[schoolable.wixsite.com/schoolgames/blank-page-copy-copy-3.html]
[schoolable.wixsite.com/schoolgames/blank-page-copy-copy-4.html]
[schoolable.wixsite.com/schoolgames/blank-page-copy-copy-5.html]
[schoolable.wixsite.com/schoolgames/blank-page-copy-copy-6.html]
[schoolable.wixsite.com/schoolgames/blank-page-copy-copy-7.html]
[schoolable.wixsite.com/schoolgames/blank-page-copy-copy-2.html]
[schoolable.wixsite.com/schoolgames/blank-page-copy-copy-8.html]
[schoolable.wixsite.com/47b73115.min.html]
[schoolable.wixsite.com/1a3ca2ee.min.html]
[schoolable.wixsite.com/16e44c05.min.html]
[schoolable.wixsite.com/6ac53ab7.min.html]
[schoolable.wixsite.com/02595569.min.html]
[schoolable.wixsite.com/e5861f41.min.html]
[schoolable.wixsite.com/c53e42d7.min.html]
[schoolable.wixsite.com/da6c52cb.min.html]
[schoolable.wixsite.com/3d2759f7.min.html]
[schoolable.wixsite.com/960c3a88.min.html]
[schoolable.wixsite.com/390543ac.min.html]
[schoolable.wixsite.com/2f9aeb85.min.html]
[schoolable.wixsite.com/f36661fb.min.html]
[schoolable.wixsite.com/aa613bd1.min.html]
[schoolable.wixsite.com/395efea1.min.html]
[schoolable.wixsite.com/6daaad8b.min.html]
[schoolable.wixsite.com/bf91693c.min.html]
[schoolable.wixsite.com/b4ae8803.min.html]
[schoolable.wixsite.com/62ccedec.min.html]
[schoolable.wixsite.com/ae08c227.min.html]
[schoolable.wixsite.com/11f27093.min.html]
[schoolable.wixsite.com/9b155e90.min.html]
[schoolable.wixsite.com/4ec2545d.min.html]
[schoolable.wixsite.com/1bbe301d.min.html]
[schoolable.wixsite.com/e78a13b3.min.html]
[schoolable.wixsite.com/b604fd33.min.html]
[schoolable.wixsite.com/48c6d58d.min.html]
[schoolable.wixsite.com/439c90c8.min.html]
[schoolable.wixsite.com/cd69f57c.min.html]
[schoolable.wixsite.com/bc223d50.min.html]
[schoolable.wixsite.com/bc2466c0.min.html]
[schoolable.wixsite.com/5d7b6bbf.min.html]
[schoolable.wixsite.com/3fdab364.min.html]
[schoolable.wixsite.com/20d93486.min.html]
[schoolable.wixsite.com/9692b4a8.min.html]
[schoolable.wixsite.com/914012ea.min.html]
[schoolable.wixsite.com/ffa0eb8f.min.html]
[schoolable.wixsite.com/fe8be6d6.min.html]
[schoolable.wixsite.com/a28cca36.min.html]
[schoolable.wixsite.com/02b07b80.min.html]
[schoolable.wixsite.com/265e9a4a.min.html]
[schoolable.wixsite.com/ff342417.min.html]
[schoolable.wixsite.com/2a1582d7.min.html]
[schoolable.wixsite.com/eb321d93.min.html]
[schoolable.wixsite.com/06cfef68.min.html]
[schoolable.wixsite.com/49a18e23.min.html]
[schoolable.wixsite.com/2467b183.min.html]
[schoolable.wixsite.com/f9fd7cbe.min.html]
[schoolable.wixsite.com/e142d0f4.min.html]
[schoolable.wixsite.com/96a73741.min.html]
[schoolable.wixsite.com/4c758e80.min.html]
[schoolable.wixsite.com/44b62fdc.min.html]
[schoolable.wixsite.com/7f8c7c3e.min.html]
[schoolable.wixsite.com/fbbc0ea4.min.html]
[schoolable.wixsite.com/5d29307d.min.html]
[schoolable.wixsite.com/85af43ab.min.html]
[schoolable.wixsite.com/7010eb60.min.html]
[schoolable.wixsite.com/566bec70.min.html]
[schoolable.wixsite.com/fc40122e.min.html]
[schoolable.wixsite.com/45242c23.min.html]
[schoolable.wixsite.com/0efca64c.min.html]
[schoolable.wixsite.com/42ccdc69.min.html]
[schoolable.wixsite.com/4ea3b970.min.html]
[schoolable.wixsite.com/0ee85551.min.html]
[schoolable.wixsite.com/085f85ee.min.html]
[schoolable.wixsite.com/fc21aae5.min.html]
[schoolable.wixsite.com/641eb53d.min.html]
[schoolable.wixsite.com/cabcae51.min.html]
[schoolable.wixsite.com/b66c178d.min.html]
[schoolable.wixsite.com/c7fdedca.min.html]
[schoolable.wixsite.com/ce9dcea4.min.html]
[schoolable.wixsite.com/bc497b45.min.html]
[schoolable.wixsite.com/2acb415c.min.html]
[schoolable.wixsite.com/7d6cd51b.min.html]
[schoolable.wixsite.com/16e57088.min.html]
[schoolable.wixsite.com/0a1c073a.min.html]
[schoolable.wixsite.com/1ac8fc0f.min.html]
[schoolable.wixsite.com/e5d84163.min.html]
[schoolable.wixsite.com/d5f023bb.min.html]
[schoolable.wixsite.com/d820de38.min.html]
[schoolable.wixsite.com/012dc85e.min.html]
[schoolable.wixsite.com/9d29a199.min.html]
[schoolable.wixsite.com/381ee71b.min.html]
[schoolable.wixsite.com/bf413556.min.html]
[schoolable.wixsite.com/316080a6.min.html]
[schoolable.wixsite.com/51a9742f.min.html]
[schoolable.wixsite.com/bf732f1f.min.html]
[schoolable.wixsite.com/99f4b3eb.min.html]
[schoolable.wixsite.com/a545d558.min.html]
[schoolable.wixsite.com/76eac8fb.min.html]
[schoolable.wixsite.com/5346ce3f.min.html]
[schoolable.wixsite.com/f658a9c4.min.html]
[schoolable.wixsite.com/7c9ceb1e.min.html]
[schoolable.wixsite.com/aa72298b.min.html]
[schoolable.wixsite.com/6ea2cb1c.min.html]
[schoolable.wixsite.com/a9c2732c.min.html]
[schoolable.wixsite.com/93e61b80.min.html]
[schoolable.wixsite.com/4bbd8d4f.min.html]
[schoolable.wixsite.com/f4297adc.min.html]
[schoolable.wixsite.com/f3af5621.min.html]
[schoolable.wixsite.com/23167c06.min.html]
[schoolable.wixsite.com/4c919285.min.html]
[schoolable.wixsite.com/99e902d9.min.html]
[schoolable.wixsite.com/7761d6fc.min.html]
[schoolable.wixsite.com/164e68d9.min.html]
[schoolable.wixsite.com/40e5d5cf.min.html]
[schoolable.wixsite.com/7c602eb2.min.html]
[schoolable.wixsite.com/6b4c7217.min.html]
[schoolable.wixsite.com/5b26625f.min.html]
[schoolable.wixsite.com/2e327647.min.html]
[schoolable.wixsite.com/4a6a7fc9.min.html]
[schoolable.wixsite.com/f52e40aa.min.html]
[schoolable.wixsite.com/29ef3ea9.min.html]
[schoolable.wixsite.com/8a33f286.min.html]
[schoolable.wixsite.com/a1e4335b.min.html]
[schoolable.wixsite.com/67b7c77e.min.html]
[schoolable.wixsite.com/b8760986.min.html]
[schoolable.wixsite.com/37bd0eeb.min.html]
[schoolable.wixsite.com/8d04f72e.min.html]
[schoolable.wixsite.com/84c587cd.min.html]
[schoolable.wixsite.com/ba7d2620.min.html]
[schoolable.wixsite.com/41f1fa78.min.html]
[schoolable.wixsite.com/3e581339.min.html]
[schoolable.wixsite.com/a2f0f523.min.html]
[schoolable.wixsite.com/86aca973.min.html]
[schoolable.wixsite.com/7c1692b1.min.html]
[schoolable.wixsite.com/8005d5c1.min.html]
[schoolable.wixsite.com/0e20a470.min.html]
[schoolable.wixsite.com/c9b5bd15.min.html]
[schoolable.wixsite.com/8c688a9d.min.html]
[schoolable.wixsite.com/6b1e299b.min.html]
[schoolable.wixsite.com/11d68990.min.html]
[schoolable.wixsite.com/3f166307.min.html]
[schoolable.wixsite.com/1355ec40.min.html]
[schoolable.wixsite.com/48220e7a.min.html]
[schoolable.wixsite.com/eca71e40.min.html]
[schoolable.wixsite.com/024f5250.min.html]
[schoolable.wixsite.com/54e8ad37.min.html]
[schoolable.wixsite.com/c79634ce.min.html]
[schoolable.wixsite.com/036d1c2c.min.html]
[schoolable.wixsite.com/04c30725.min.html]
[schoolable.wixsite.com/685dda1c.min.html]
[schoolable.wixsite.com/ad3a6151.min.html]
[schoolable.wixsite.com/b43bc41a.min.html]
[schoolable.wixsite.com/aff3efe3.min.html]
[schoolable.wixsite.com/44306cc3.min.html]
[schoolable.wixsite.com/f08a1c03.min.html]
[schoolable.wixsite.com/6818c64c.min.html]
[schoolable.wixsite.com/4fa4a352.min.html]
[schoolable.wixsite.com/97d7cd97.min.html]
[schoolable.wixsite.com/a1e76019.min.html]
[schoolable.wixsite.com/b4bc6361.min.html]
[schoolable.wixsite.com/9eed3e82.min.html]
[schoolable.wixsite.com/ce776e38.min.html]
[schoolable.wixsite.com/4a43b954.min.html]
[schoolable.wixsite.com/799d016a.min.html]
[schoolable.wixsite.com/c434348a.min.html]
[schoolable.wixsite.com/4038e1e2.min.html]
[schoolable.wixsite.com/c24f5e69.min.html]
[schoolable.wixsite.com/8ab00128.min.html]
[schoolable.wixsite.com/45eee88d.min.html]
[schoolable.wixsite.com/7df86004.min.html]
[schoolable.wixsite.com/145b5660.min.html]
[schoolable.wixsite.com/3e624017.min.html]
[schoolable.wixsite.com/eb810a4a.min.html]
[schoolable.wixsite.com/81ed76c3.min.html]
[schoolable.wixsite.com/6fe867cc.min.html]
[schoolable.wixsite.com/d1f9c7e6.min.html]
[schoolable.wixsite.com/34377b4a.min.html]
[schoolable.wixsite.com/36c7b16b.min.html]
[schoolable.wixsite.com/b0da3a19.min.html]
[schoolable.wixsite.com/70e8afa8.min.html]
[schoolable.wixsite.com/9c39b1d1.min.html]
[schoolable.wixsite.com/59f9faa0.min.html]
[schoolable.wixsite.com/b92ba9ff.min.html]
[schoolable.wixsite.com/91e61dab.min.html]
[schoolable.wixsite.com/41f245d4.min.html]
[schoolable.wixsite.com/e24e08e7.min.html]
[schoolable.wixsite.com/a86a8070.min.html]
[schoolable.wixsite.com/65997748.min.html]
[schoolable.wixsite.com/13eb5276.min.html]
[schoolable.wixsite.com/2978359e.min.html]
[schoolable.wixsite.com/4b1f6567.min.html]
[schoolable.wixsite.com/4e6fba8d.min.html]
[schoolable.wixsite.com/883064bf.min.html]
[schoolable.wixsite.com/55fd4990.min.html]
[schoolable.wixsite.com/882dfccd.min.html]
[schoolable.wixsite.com/70efe3c5.min.html]
[schoolable.wixsite.com/6d011635.min.html]
[schoolable.wixsite.com/af38aead.min.html]
[schoolable.wixsite.com/39cfb47d.min.html]
[schoolable.wixsite.com/1a1f2ab9.min.html]
[schoolable.wixsite.com/5ed4e092.min.html]
[schoolable.wixsite.com/75512b1a.min.html]
[schoolable.wixsite.com/2a38244f.min.html]
[schoolable.wixsite.com/837e8139.min.html]
[schoolable.wixsite.com/f8ec65c6.min.html]
[schoolable.wixsite.com/913e0517.min.html]
[schoolable.wixsite.com/2ce475e3.min.html]
[schoolable.wixsite.com/96f4b814.min.html]
[schoolable.wixsite.com/efcd8729.min.html]
[schoolable.wixsite.com/0ebb4539.min.html]
[schoolable.wixsite.com/c9371416.min.html]
[schoolable.wixsite.com/84fca3f0.min.html]
[schoolable.wixsite.com/44b60e9d.min.html]
[schoolable.wixsite.com/48e483a5.min.html]
[schoolable.wixsite.com/100a01ba.min.html]
[schoolable.wixsite.com/dba31346.min.html]
[schoolable.wixsite.com/5a61fee8.min.html]
[schoolable.wixsite.com/6010b816.min.html]
[schoolable.wixsite.com/99e9084d.min.html]
[schoolable.wixsite.com/39cdb6e7.min.html]
[schoolable.wixsite.com/98f5e34d.min.html]
[schoolable.wixsite.com/4bd62377.min.html]
[schoolable.wixsite.com/f6b4449f.min.html]
[schoolable.wixsite.com/692d3cfd.min.html]
[schoolable.wixsite.com/dda10bbb.min.html]
[schoolable.wixsite.com/826aa068.min.html]
[schoolable.wixsite.com/71561e01.min.html]
[schoolable.wixsite.com/2aa93db9.min.html]
[schoolable.wixsite.com/ac1f0c83.min.html]
[schoolable.wixsite.com/3fc3aa14.min.html]
[schoolable.wixsite.com/eed9660c.min.html]
[schoolable.wixsite.com/e98ddd9c.min.html]
[schoolable.wixsite.com/9f54505f.min.html]
[schoolable.wixsite.com/82a3c6bd.min.html]
[schoolable.wixsite.com/959e5e9e.min.html]
[schoolable.wixsite.com/c6933345.min.html]
[schoolable.wixsite.com/7ac66a81.min.html]
[schoolable.wixsite.com/7f6e9aff.min.html]
[schoolable.wixsite.com/7197ceeb.min.html]
[schoolable.wixsite.com/4d761874.min.html]
[schoolable.wixsite.com/57ee110f.min.html]
[schoolable.wixsite.com/723e4fed.min.html]
[schoolable.wixsite.com/7d0d5475.min.html]
[schoolable.wixsite.com/d9e9ecf4.min.html]
[schoolable.wixsite.com/4d71157d.min.html]
[schoolable.wixsite.com/30611ad6.min.html]
[schoolable.wixsite.com/3107aee2.min.html]
[schoolable.wixsite.com/add763df.min.html]
[schoolable.wixsite.com/20a005d9.min.html]
[schoolable.wixsite.com/f12c724d.min.html]
[schoolable.wixsite.com/767a7565.min.html]
[schoolable.wixsite.com/6dd0b2ab.min.html]
[schoolable.wixsite.com/60e6c2a9.min.html]
[schoolable.wixsite.com/6bd04466.min.html]
[schoolable.wixsite.com/e356d735.min.html]
[schoolable.wixsite.com/1fef0d1f.min.html]
[schoolable.wixsite.com/4e9ee1a3.min.html]
[schoolable.wixsite.com/8845e14b.min.html]
[schoolable.wixsite.com/a7d5ac4b.min.html]
[schoolable.wixsite.com/015a530e.min.html]
[schoolable.wixsite.com/b6e3e82f.min.html]
[schoolable.wixsite.com/731d5bce.min.html]
[schoolable.wixsite.com/c61ac2b6.min.html]
[schoolable.wixsite.com/c9d89f77.min.html]
[schoolable.wixsite.com/77753e29.min.html]
[schoolable.wixsite.com/2a3ba4df.min.html]
[schoolable.wixsite.com/1150efce.min.html]
[schoolable.wixsite.com/dbfd66d7.min.html]
[schoolable.wixsite.com/e1813de1.min.html]
[schoolable.wixsite.com/34b72cf9.min.html]
[schoolable.wixsite.com/5d684912.min.html]
[schoolable.wixsite.com/07d43a5b.min.html]
[schoolable.wixsite.com/74e60b57.min.html]
[schoolable.wixsite.com/71b202df.min.html]
[schoolable.wixsite.com/1e24bd4a.min.html]
[schoolable.wixsite.com/d078781b.min.html]
[schoolable.wixsite.com/9a8b46cf.min.html]
[schoolable.wixsite.com/f4071404.min.html]
[schoolable.wixsite.com/a4efbb1a.min.html]
[schoolable.wixsite.com/b69a6dca.min.html]
[schoolable.wixsite.com/a8cea7d1.min.html]
[schoolable.wixsite.com/9b7ffe32.min.html]
[schoolable.wixsite.com/0e2bff6a.min.html]
[schoolable.wixsite.com/8a3174ea.min.html]
[schoolable.wixsite.com/56b396e1.min.html]
[schoolable.wixsite.com/e31c9edb.min.html]
[schoolable.wixsite.com/270ecc94.min.html]
[schoolable.wixsite.com/aae8f9e8.min.html]
[schoolable.wixsite.com/148a549f.min.html]
[schoolable.wixsite.com/243dde79.min.html]
[schoolable.wixsite.com/4b77444e.min.html]
[schoolable.wixsite.com/debda15f.min.html]
[schoolable.wixsite.com/c8e351db.min.html]
[schoolable.wixsite.com/25adc72e.min.html]
[schoolable.wixsite.com/ad3c03fe.min.html]
[schoolable.wixsite.com/696515ba.min.html]
[schoolable.wixsite.com/827a0773.chunk.min.html]
[schoolable.wixsite.com/a187627f.chunk.min.html]
[schoolable.wixsite.com/e495a481.chunk.min.html]
[schoolable.wixsite.com/d759f331.chunk.min.html]
[schoolable.wixsite.com/rb_wixui.thunderbolt_bootstrap-classic.885fc726.chunk.min.html]
[schoolable.wixsite.com/rb_wixui.thunderbolt_bootstrap-responsive.a66c1914.chunk.min.html]
[schoolable.wixsite.com/rb_wixui.thunderbolt_bootstrap-responsive.e495a481.chunk.min.html]
[schoolable.wixsite.com/rb_wixui.thunderbolt_common-site-members-dialogs.d78bf087.chunk.min.html]
[schoolable.wixsite.com/rb_wixui.thunderbolt_common-site-members-dialogs.d759f331.chunk.min.html]
[schoolable.wixsite.com/rb_wixui.thunderbolt_bootstrap.aaf11717.chunk.min.html]
[schoolable.wixsite.com/rb_wixui.thunderbolt_bootstrap.827a0773.chunk.min.html]
[schoolable.wixsite.com/rb_wixui.corvid_core.d73046ab.chunk.min.html]
[schoolable.wixsite.com/rb_wixui.thunderbolt_mobile.eea54e4b.chunk.min.html]
[schoolable.wixsite.com/decodeURIComponent(e.html]
[schoolable.wixsite.com/sitemap.html]
[schoolable.wixsite.com/feed.html]
[schoolable.wixsite.com/version/index.html]
[schoolable.wixsite.com/version/index.html]
